Executing action: monitor
Serial port /dev/ttyUSB0
Connecting....
Detecting chip type... Unsupported detection protocol, switching and trying again...
Connecting....
Detecting chip type... ESP32
Running idf_monitor in directory /home/paalcald/dev/iot/aniot/practicas/heap_task_tracking
Executing "/home/paalcald/.espressifv5.3.1/python_env/idf5.3_py3.12_env/bin/python /home/paalcald/esp/esp-idfv5.3/tools/idf_monitor.py -p /dev/ttyUSB0 -b 115200 --toolchain-prefix xtensa-esp32-elf- --target esp32 --revision 0 /home/paalcald/dev/iot/aniot/practicas/heap_task_tracking/build/heap_task_tracking.elf -m '/home/paalcald/.espressifv5.3.1/python_env/idf5.3_py3.12_env/bin/python' '/home/paalcald/esp/esp-idfv5.3/tools/idf.py'"...
ets Jun  8 2016 00:22:57

rst:0x1 (POWERON_RESET),boot:0x13 (SPI_FAST_FLASH_BOOT)
configsip: 0, SPIWP:0xee
clk_drv:0x00,q_drv:0x00,d_drv:0x00,cs0_drv:0x00,hd_drv:0x00,wp_drv:0x00
mode:DIO, clock div:2
load:0x3fff0030,len:7176
load:0x40078000,len:15564
ho 0 tail 12 room 4
load:0x40080400,len:4
load:0x40080404,len:3904
entry 0x40080640
[0;32mI (30) boot: ESP-IDF v5.3.1 2nd stage bootloader[0m
[0;32mI (30) boot: compile time Oct  5 2024 16:00:37[0m
[0;32mI (30) boot: Multicore bootloader[0m
[0;32mI (35) boot: chip revision: v1.0[0m
[0;32mI (38) boot.esp32: SPI Speed      : 40MHz[0m
[0;32mI (43) boot.esp32: SPI Mode       : DIO[0m
[0;32mI (48) boot.esp32: SPI Flash Size : 2MB[0m
[0;32mI (52) boot: Enabling RNG early entropy source...[0m
[0;32mI (57) boot: Partition Table:[0m
[0;32mI (61) boot: ## Label            Usage          Type ST Offset   Length[0m
[0;32mI (68) boot:  0 nvs              WiFi data        01 02 00009000 00006000[0m
[0;32mI (76) boot:  1 phy_init         RF data          01 01 0000f000 00001000[0m
[0;32mI (83) boot:  2 factory          factory app      00 00 00010000 00100000[0m
[0;32mI (91) boot: End of partition table[0m
[0;32mI (95) esp_image: segment 0: paddr=00010020 vaddr=3f400020 size=093ach ( 37804) map[0m
[0;32mI (116) esp_image: segment 1: paddr=000193d4 vaddr=3ffb0000 size=0231ch (  8988) load[0m
[0;32mI (120) esp_image: segment 2: paddr=0001b6f8 vaddr=40080000 size=04920h ( 18720) load[0m
[0;32mI (130) esp_image: segment 3: paddr=00020020 vaddr=400d0020 size=13930h ( 80176) map[0m
[0;32mI (158) esp_image: segment 4: paddr=00033958 vaddr=40084920 size=0821ch ( 33308) load[0m
[0;32mI (178) boot: Loaded app from partition at offset 0x10000[0m
[0;32mI (178) boot: Disabling RNG early entropy source...[0m
[0;32mI (190) cpu_start: Multicore app[0m
[0;32mI (199) cpu_start: Pro cpu start user code[0m
[0;32mI (199) cpu_start: cpu freq: 160000000 Hz[0m
[0;32mI (199) app_init: Application information:[0m
[0;32mI (202) app_init: Project name:     heap_task_tracking[0m
[0;32mI (207) app_init: App version:      1[0m
[0;32mI (212) app_init: Compile time:     Oct  5 2024 16:53:19[0m
[0;32mI (218) app_init: ELF file SHA256:  15bbe4956...[0m
[0;32mI (223) app_init: ESP-IDF:          v5.3.1[0m
[0;32mI (228) efuse_init: Min chip rev:     v0.0[0m
[0;32mI (232) efuse_init: Max chip rev:     v3.99 [0m
[0;32mI (237) efuse_init: Chip rev:         v1.0[0m
[0;32mI (243) heap_init: Initializing. RAM available for dynamic allocation:[0m
[0;32mI (250) heap_init: At 3FFAE6E0 len 00001920 (6 KiB): DRAM[0m
[0;32mI (256) heap_init: At 3FFB2FB0 len 0002D050 (180 KiB): DRAM[0m
[0;32mI (262) heap_init: At 3FFE0440 len 00003AE0 (14 KiB): D/IRAM[0m
[0;32mI (268) heap_init: At 3FFE4350 len 0001BCB0 (111 KiB): D/IRAM[0m
[0;32mI (275) heap_init: At 4008CB3C len 000134C4 (77 KiB): IRAM[0m
[0;32mI (282) spi_flash: detected chip: generic[0m
[0;32mI (285) spi_flash: flash io: dio[0m
[0;33mW (289) spi_flash: Detected size(4096k) larger than the size in the binary image header(2048k). Using the size in the binary image header.[0m
[0;32mI (303) main_task: Started on CPU0[0m
[0;32mI (313) main_task: Calling app_main()[0m
Task: Pre-Scheduler allocs -> CAP_8BIT: 3140 CAP_32BIT: 24
Task: ipc0 -> CAP_8BIT: 9600 CAP_32BIT: 0
Task: main -> CAP_8BIT: 3684 CAP_32BIT: 0
Task: ipc1 -> CAP_8BIT: 16 CAP_32BIT: 0
Task: example_task -> CAP_8BIT: 41572 CAP_32BIT: 0


[0;32mI (323) main_task: Returned from app_main()[0m
Task: Pre-Scheduler allocs -> CAP_8BIT: 3140 CAP_32BIT: 24
Task: ipc0 -> CAP_8BIT: 5156 CAP_32BIT: 0
Task: main -> CAP_8BIT: 3684 CAP_32BIT: 0
Task: ipc1 -> CAP_8BIT: 16 CAP_32BIT: 0
Task: example_task -> CAP_8BIT: 108108 CAP_32BIT: 0


Task: Pre-Scheduler allocs -> CAP_8BIT: 3140 CAP_32BIT: 24
Task: ipc0 -> CAP_8BIT: 5156 CAP_32BIT: 0
Task: main -> CAP_8BIT: 3684 CAP_32BIT: 0
Task: ipc1 -> CAP_8BIT: 16 CAP_32BIT: 0
Task: example_task -> CAP_8BIT: 84144 CAP_32BIT: 0


Task: Pre-Scheduler allocs -> CAP_8BIT: 3140 CAP_32BIT: 24
Task: ipc0 -> CAP_8BIT: 5156 CAP_32BIT: 0
Task: main -> CAP_8BIT: 3684 CAP_32BIT: 0
Task: ipc1 -> CAP_8BIT: 16 CAP_32BIT: 0
Task: example_task -> CAP_8BIT: 159872 CAP_32BIT: 0


Task: Pre-Scheduler allocs -> CAP_8BIT: 3140 CAP_32BIT: 24
Task: ipc0 -> CAP_8BIT: 5156 CAP_32BIT: 0
Task: main -> CAP_8BIT: 3684 CAP_32BIT: 0
Task: ipc1 -> CAP_8BIT: 16 CAP_32BIT: 0
Task: example_task -> CAP_8BIT: 131100 CAP_32BIT: 0


Task: Pre-Scheduler allocs -> CAP_8BIT: 3140 CAP_32BIT: 24
Task: ipc0 -> CAP_8BIT: 5156 CAP_32BIT: 0
Task: main -> CAP_8BIT: 3684 CAP_32BIT: 0
Task: ipc1 -> CAP_8BIT: 16 CAP_32BIT: 0
Task: example_task -> CAP_8BIT: 133736 CAP_32BIT: 0


